---
source: arc-script-test/compile/src/insta.rs
expression: s
input_file: arc-script-test/compile/src/tests/expect_pass/unit_fun.arc

---
fun foo(x_0: unit): unit {
    x_0
}
fun bar(): unit {
    val x_1: fun(unit): unit = crate::foo;
    val x_2: unit = unit;
    val x_3: unit = x_1(x_2);
    x_3
}

