---
source: arc-script-test-insta/src/lib.rs
expression: s
input_file: arc-script-test-insta/src/expect-pass/ifs.arc
---
fun main() -> () {
    ()
}
fun test() -> i32 {
    let a_i32_0: i32 = 65 in
    let b_i32_0: i32 = 66 in
    let true_bool_0: bool = true in
    if true_bool_0 {
        a_i32_0
    } else {
        b_i32_0
    }
}

