---
source: arc-script-test-insta/src/lib.rs
expression: s
input_file: arc-script-test-insta/src/expect-pass/enum-pattern.arc
---
module @toplevel {
    func @x_3() -> () {
        return 
    }
    func @main() -> () {
        %x_5 = arc.constant 5 : si32
        %x_6 = "arc.enwrap"%x_5 { variant = crate_Option_Some } : si32 -> crate_Option
        %x_7 = "arc.is"%x_6 { variant = crate_Option_Some } : crate_Option -> i1
        return 
    }
}

