---
source: arc-script-test-insta/src/lib.rs
expression: s
input_file: arc-script-test-insta/src/expect-pass/ifs.arc
---
module @toplevel {
    func @main() -> i0 {
        %x_0 = arc.constant unit : i0
        return %x_0 : i0
    }
    func @test() -> si32 {
        %x_1 = arc.constant 65 : si32
        %x_2 = arc.constant 66 : si32
        %x_3 = constant true
        %x_4 = "arc.if"(%x_3) ({
            "arc.block.result"(%x_1) : (si32) -> ()
        },{
            "arc.block.result"(%x_2) : (si32) -> ()
        }) : (i1) -> si32
        return %x_4 : si32
    }
}

