---
source: arc-script-core/tests/insta/mod.rs
expression: s
input_file: arc-script-core/tests/insta/snapshot-tests/lambda.arc
---
module @toplevel {
    func @x_0(%i_0: i32) -> i32 {
        %x_1 = arc.constant 1 : i32
        %x_2 = arc.addi %i_0, %x_1 : i32
        return %x_2 : i32
    }
    func @test() -> i32 {
        %x_3 = constant @x_0 : (i32) -> i32
        %x_4 = arc.constant 1 : i32
        %x_5 = call_indirect %x_3(%x_4) : (i32) -> i32
        return %x_5 : i32
    }
}

