---
source: arc-script-test-insta/src/lib.rs
expression: s
input_file: arc-script-test-insta/src/expect-pass/enum-pattern-nested.arc
---
enum Baz {
    Some(i32),
    None
}
enum Foo {
    Bar(crate::Baz),
    None
}
fun x_5() -> () {
    ()
}
fun main() -> () {
    let x_0: crate::Foo = enwrap[crate::Foo::Bar](enwrap[crate::Baz::Some](5)) in
    if is[crate::Foo::Bar](x_0) {
        let x_2: crate::Baz = unwrap[crate::Foo::Bar](x_0) in
        if is[crate::Baz::Some](x_2) {
            let x_4: i32 = unwrap[crate::Baz::Some](x_2) in
            ()
        } else {
            crate::x_5()
        }
    } else {
        crate::x_5()
    }
}

