---
source: arc-script-test/insta/src/lib.rs
expression: s
input_file: arc-script-test/insta/src/expect-pass/option.arc
---
enum Option {
    Some(i32),
    None
}
fun x_2() -> unit {
    unit
}
fun main() -> unit {
    let x_0: crate::Option = enwrap[crate::Option::Some](3) in
    if is[crate::Option::Some](x_0) {
        let y_0: i32 = unwrap[crate::Option::Some](x_0) in
        unit
    } else {
        crate::x_2()
    }
}

