---
source: arc-script-test-insta/src/lib.rs
expression: s
input_file: arc-script-test-insta/src/expect-pass/enums.arc
---
module @toplevel {
    func @main() -> () {
        %x_0 = arc.constant 200 : ui32
        %x_1 = constant 2.0 : f32
        %x_2 = "arc.enwrap"%x_0 { variant = crate_Foo_Bar } : ui32 -> crate_Foo
        %x_3 = "arc.unwrap"%x_2 { variant = crate_Foo_Bar } : crate_Foo -> ui32
        %x_4 = "arc.enwrap"%x_1 { variant = crate_Foo_Baz } : f32 -> crate_Foo
        %x_5 = "arc.is"%x_4 { variant = crate_Foo_Baz } : crate_Foo -> i1
        return 
    }
}

