---
source: arc-script-test/insta/src/lib.rs
expression: s
input_file: arc-script-test/insta/src/expect-pass/binops.arc
---
module @toplevel {
    func @crate_main() -> () {
        %x_0 = constant true
        %x_1 = arc.constant 127 : si8
        %x_2 = arc.constant 32767 : si16
        %x_3 = arc.constant 2147483647 : si32
        %x_4 = arc.constant 9223372036854775807 : si64
        %x_5 = arc.constant 255 : ui8
        %x_6 = arc.constant 65535 : ui16
        %x_7 = arc.constant 4294967295 : ui32
        %x_8 = arc.constant 18446744073709551615 : ui64
        %x_9 = constant 3.4028235e38 : f32
        %x_A = constant 1.7976931348623157e308 : f64
        %x_B = arc.constant 126 : si8
        %x_C = arc.constant 32766 : si16
        %x_D = arc.constant 2147483646 : si32
        %x_E = arc.constant 9223372036854775806 : si64
        %x_F = arc.constant 254 : ui8
        %x_G = arc.constant 65534 : ui16
        %x_H = arc.constant 4294967294 : ui32
        %x_I = arc.constant 18446744073709551614 : ui64
        %x_J = constant 3.4028235e37 : f32
        %x_K = constant 1.7976931348623155e308 : f64
        %x_L = arc.addi %x_1, %x_1 : si8
        %x_M = arc.addi %x_2, %x_2 : si16
        %x_N = arc.addi %x_3, %x_3 : si32
        %x_O = arc.addi %x_4, %x_4 : si64
        %x_P = arc.addi %x_5, %x_5 : ui8
        %x_Q = arc.addi %x_6, %x_6 : ui16
        %x_R = arc.addi %x_7, %x_7 : ui32
        %x_S = arc.addi %x_8, %x_8 : ui64
        %x_T = std.addf %x_9, %x_9 : f32
        %x_U = std.addf %x_A, %x_A : f64
        %x_V = arc.subi %x_1, %x_1 : si8
        %x_W = arc.subi %x_2, %x_2 : si16
        %x_X = arc.subi %x_3, %x_3 : si32
        %x_Y = arc.subi %x_4, %x_4 : si64
        %x_Z = arc.subi %x_5, %x_5 : ui8
        %x_a = arc.subi %x_6, %x_6 : ui16
        %x_b = arc.subi %x_7, %x_7 : ui32
        %x_c = arc.subi %x_8, %x_8 : ui64
        %x_d = std.subf %x_9, %x_9 : f32
        %x_e = std.subf %x_A, %x_A : f64
        %x_f = arc.muli %x_1, %x_1 : si8
        %x_g = arc.muli %x_2, %x_2 : si16
        %x_h = arc.muli %x_3, %x_3 : si32
        %x_i = arc.muli %x_4, %x_4 : si64
        %x_j = arc.muli %x_5, %x_5 : ui8
        %x_k = arc.muli %x_6, %x_6 : ui16
        %x_l = arc.muli %x_7, %x_7 : ui32
        %x_m = arc.muli %x_8, %x_8 : ui64
        %x_n = std.mulf %x_9, %x_9 : f32
        %x_o = std.mulf %x_A, %x_A : f64
        %x_p = arc.divi %x_1, %x_1 : si8
        %x_q = arc.divi %x_2, %x_2 : si16
        %x_r = arc.divi %x_3, %x_3 : si32
        %x_s = arc.divi %x_4, %x_4 : si64
        %x_t = arc.divi %x_5, %x_5 : ui8
        %x_u = arc.divi %x_6, %x_6 : ui16
        %x_v = arc.divi %x_7, %x_7 : ui32
        %x_w = arc.divi %x_8, %x_8 : ui64
        %x_x = std.divf %x_9, %x_9 : f32
        %x_y = std.divf %x_A, %x_A : f64
        %x_z = arc.modf %x_1, %x_1 : si8
        %x__0 = arc.modf %x_2, %x_2 : si16
        %x__1 = arc.modf %x_3, %x_3 : si32
        %x__2 = arc.modf %x_4, %x_4 : si64
        %x__3 = arc.modf %x_5, %x_5 : ui8
        %x__4 = arc.modf %x_6, %x_6 : ui16
        %x__5 = arc.modf %x_7, %x_7 : ui32
        %x__6 = arc.modf %x_8, %x_8 : ui64
        %x__7 = std.modf %x_9, %x_9 : f32
        %x__8 = std.modf %x_A, %x_A : f64
        %x__9 = arc.cmpi "lt", %x_1, %x_1 : i1
        %x__A = arc.cmpi "lt", %x_2, %x_2 : i1
        %x__B = arc.cmpi "lt", %x_3, %x_3 : i1
        %x__C = arc.cmpi "lt", %x_4, %x_4 : i1
        %x__D = arc.cmpi "lt", %x_5, %x_5 : i1
        %x__E = arc.cmpi "lt", %x_6, %x_6 : i1
        %x__F = arc.cmpi "lt", %x_7, %x_7 : i1
        %x__G = arc.cmpi "lt", %x_8, %x_8 : i1
        %x__H = std.cmpf "olt", %x_9, %x_9 : i1
        %x__I = std.cmpf "olt", %x_A, %x_A : i1
        %x__J = arc.cmpi "le", %x_1, %x_1 : i1
        %x__K = arc.cmpi "le", %x_2, %x_2 : i1
        %x__L = arc.cmpi "le", %x_3, %x_3 : i1
        %x__M = arc.cmpi "le", %x_4, %x_4 : i1
        %x__N = arc.cmpi "le", %x_5, %x_5 : i1
        %x__O = arc.cmpi "le", %x_6, %x_6 : i1
        %x__P = arc.cmpi "le", %x_7, %x_7 : i1
        %x__Q = arc.cmpi "le", %x_8, %x_8 : i1
        %x__R = std.cmpf "ole", %x_9, %x_9 : i1
        %x__S = std.cmpf "ole", %x_A, %x_A : i1
        %x__T = arc.cmpi "gt", %x_1, %x_1 : i1
        %x__U = arc.cmpi "gt", %x_2, %x_2 : i1
        %x__V = arc.cmpi "gt", %x_3, %x_3 : i1
        %x__W = arc.cmpi "gt", %x_4, %x_4 : i1
        %x__X = arc.cmpi "gt", %x_5, %x_5 : i1
        %x__Y = arc.cmpi "gt", %x_6, %x_6 : i1
        %x__Z = arc.cmpi "gt", %x_7, %x_7 : i1
        %x__a = arc.cmpi "gt", %x_8, %x_8 : i1
        %x__b = std.cmpf "ogt", %x_9, %x_9 : i1
        %x__c = std.cmpf "ogt", %x_A, %x_A : i1
        %x__d = arc.cmpi "ge", %x_1, %x_1 : i1
        %x__e = arc.cmpi "ge", %x_2, %x_2 : i1
        %x__f = arc.cmpi "ge", %x_3, %x_3 : i1
        %x__g = arc.cmpi "ge", %x_4, %x_4 : i1
        %x__h = arc.cmpi "ge", %x_5, %x_5 : i1
        %x__i = arc.cmpi "ge", %x_6, %x_6 : i1
        %x__j = arc.cmpi "ge", %x_7, %x_7 : i1
        %x__k = arc.cmpi "ge", %x_8, %x_8 : i1
        %x__l = std.cmpf "oge", %x_9, %x_9 : i1
        %x__m = std.cmpf "oge", %x_A, %x_A : i1
        %x__n = std.cmpi "eq", %x_0, %x_0 : i1
        %x__o = arc.cmpi "eq", %x_1, %x_1 : i1
        %x__p = arc.cmpi "eq", %x_2, %x_2 : i1
        %x__q = arc.cmpi "eq", %x_3, %x_3 : i1
        %x__r = arc.cmpi "eq", %x_4, %x_4 : i1
        %x__s = arc.cmpi "eq", %x_5, %x_5 : i1
        %x__t = arc.cmpi "eq", %x_6, %x_6 : i1
        %x__u = arc.cmpi "eq", %x_7, %x_7 : i1
        %x__v = arc.cmpi "eq", %x_8, %x_8 : i1
        %x__w = std.cmpf "oeq", %x_9, %x_9 : i1
        %x__x = std.cmpf "oeq", %x_A, %x_A : i1
        %x__y = std.cmpi "eq", %x_0, %x_0 : i1
        %x__z = arc.cmpi "ne", %x_1, %x_1 : i1
        %x___0 = arc.cmpi "ne", %x_2, %x_2 : i1
        %x___1 = arc.cmpi "ne", %x_3, %x_3 : i1
        %x___2 = arc.cmpi "ne", %x_4, %x_4 : i1
        %x___3 = arc.cmpi "ne", %x_5, %x_5 : i1
        %x___4 = arc.cmpi "ne", %x_6, %x_6 : i1
        %x___5 = arc.cmpi "ne", %x_7, %x_7 : i1
        %x___6 = arc.cmpi "ne", %x_8, %x_8 : i1
        %x___7 = std.cmpf "one", %x_9, %x_9 : i1
        %x___8 = std.cmpf "one", %x_A, %x_A : i1
        %x___9 = arc.and %x_0, %x_0 : i1
        %x___A = arc.or %x_0, %x_0 : i1
        %x___B = arc.and %x_1, %x_1 : si8
        %x___C = arc.and %x_2, %x_2 : si16
        %x___D = arc.and %x_3, %x_3 : si32
        %x___E = arc.and %x_4, %x_4 : si64
        %x___F = arc.and %x_5, %x_5 : ui8
        %x___G = arc.and %x_6, %x_6 : ui16
        %x___H = arc.and %x_7, %x_7 : ui32
        %x___I = arc.and %x_8, %x_8 : ui64
        %x___J = arc.or %x_1, %x_1 : si8
        %x___K = arc.or %x_2, %x_2 : si16
        %x___L = arc.or %x_3, %x_3 : si32
        %x___M = arc.or %x_4, %x_4 : si64
        %x___N = arc.or %x_5, %x_5 : ui8
        %x___O = arc.or %x_6, %x_6 : ui16
        %x___P = arc.or %x_7, %x_7 : ui32
        %x___Q = arc.or %x_8, %x_8 : ui64
        %x___R = arc.xor %x_1, %x_1 : si8
        %x___S = arc.xor %x_2, %x_2 : si16
        %x___T = arc.xor %x_3, %x_3 : si32
        %x___U = arc.xor %x_4, %x_4 : si64
        %x___V = arc.xor %x_5, %x_5 : ui8
        %x___W = arc.xor %x_6, %x_6 : ui16
        %x___X = arc.xor %x_7, %x_7 : ui32
        %x___Y = arc.xor %x_8, %x_8 : ui64
        %x___Z = std.powf %x_9, %x_J : f32
        %x___a = std.powf %x_A, %x_K : f64
        return 
    }
}

