---
source: arc-script-test-insta/src/lib.rs
expression: s
input_file: arc-script-test-insta/src/expect-pass/ifs.arc
---
use arcon::prelude::*;
pub fn main() -> () {
    ()
}
pub fn test() -> i32 {
    let a_i32_0: i32 = 65i32;
    let b_i32_0: i32 = 66i32;
    let true_bool_0: bool = true;
    if true_bool_0 {
        a_i32_0
    } else {
        b_i32_0
    }
}


