---
source: arc-script-test/compile/src/insta.rs
expression: s
input_file: arc-script-test/compile/src/tests/expect_pass/sort_fields.arc

---
fun foo(a_0: { x: i32, y: i32 }): i32 {
    val x_0: i32 = a_0.x;
    val x_1: i32 = a_0.y;
    val x_2: i32 = x_0 + x_1;
    x_2
}
fun bar(a_1: { x: i32, y: i32 }): i32 {
    val x_3: i32 = a_1.x;
    val x_4: i32 = a_1.y;
    val x_5: i32 = x_3 + x_4;
    x_5
}

