---
source: arc-script-test/compile/src/insta.rs
expression: s
input_file: arc-script-test/compile/src/tests/expect_pass/unit_enum.arc

---
enum Foo {
    Bar
}
fun x_5(): unit {
    val x_4: unit = unit;
    x_4
}
fun test(): unit {
    val x_0: unit = unit;
    val x_1: crate::Foo = enwrap[crate::Foo::Bar](x_0);
    val x_2: bool = is[x_1](x_1);
    val x_8: unit = if x_2 {
        val x_3: unit = unwrap[crate::Foo::Bar](x_1);
        x_3
    } else {
        val x_6: fun(): unit = crate::x_5;
        val x_7: unit = x_6();
        x_7
    };
    x_8
}

