---
source: arc-script-test/compile/src/insta.rs
expression: s
input_file: arc-script-test/compile/src/tests/expect_pass/if_let.arc

---
fun x_H(x_1: i32): i32 {
    val x_F: i32 = 2;
    val x_G: i32 = x_1 + x_F;
    x_G
}
fun test(): i32 {
    val x_0: i32 = 3;
    val x_1: i32 = 5;
    val x_2: i32 = 3;
    val x_3: (i32, i32) = (x_2, x_0);
    val x_4: i32 = 1;
    val x_5: ((i32, i32), i32) = (x_3, x_4);
    val x_6: (i32, i32) = x_5.0;
    val x_7: i32 = x_6.0;
    val x_8: i32 = 1;
    val x_9: bool = x_7 == x_8;
    val x_L: i32 = if x_9 {
        val x_A: i32 = x_6.1;
        val x_B: i32 = x_5.1;
        val x_C: i32 = 1;
        val x_D: bool = x_B == x_C;
        val x_K: i32 = if x_D {
            val x_E: i32 = x_A + x_1;
            x_E
        } else {
            val x_I: fun(i32): i32 = crate::x_H;
            val x_J: i32 = x_I(x_1);
            x_J
        };
        x_K
    } else {
        val x_I: fun(i32): i32 = crate::x_H;
        val x_J: i32 = x_I(x_1);
        x_J
    };
    x_L
}

