---
source: arc-script-test/compile/src/insta.rs
expression: s
input_file: arc-script-test/compile/src/tests/expect_pass/fun.arc

---
fun max(a_0: i32, b_0: i32): i32 {
    val x_0: bool = a_0 > b_0;
    val x_3: i32 = if x_0 {
        val x_1: i32 = 1;
        val x_2: i32 = a_0 + x_1;
        x_2
    } else {
        b_0
    };
    x_3
}
fun test(): i32 {
    val x_4: fun(i32, i32): i32 = crate::max;
    val x_5: i32 = 1;
    val x_6: i32 = 2;
    val x_7: i32 = x_4(x_5, x_6);
    x_7
}

