---
source: arc-script-test/compile/src/insta.rs
expression: s
input_file: arc-script-test/compile/src/tests/expect_pass/enums.arc

---
enum Foo { Bar(u32), Baz(f32) }
fun main() {
    val a = 200u32;
    val b = 2.0f32;
    val c = Foo::Bar(a);
    val d = unwrap[Foo::Bar](c);
    val e = enwrap[Foo::Baz](b);
    val f = is[Foo::Baz](e);
    
}

