---
source: arc-script-test/compile/src/insta.rs
expression: s
input_file: arc-script-test/compile/src/tests/expect_fail_todo/pipe.arc

---
fun test1(): i32 {
    val a: i32 = 3;
    val b: fun(i32): i32 = fun(x): x + 1;
    val c: fun(i32): i32 = fun(x): x - 1;
    val d: i32 = a | b | c;
    d
}
fun test2(): i32 {
    val a: i32 = 3;
    val b: fun(i32, i32): (i32, i32) = fun((x, y)): (y, x);
    val c: fun(i32): i32 = fun(x): x + 1;
    val d: (i32, i32) = (a, a) | b | (c, c);
    d
}

