---
source: arc-script-test/compile/src/insta.rs
expression: s
input_file: arc-script-test/compile/src/tests/expect_mlir_fail_todo/task_window.arc

---
extern type Cell(x: i32) {
    fun get(): i32, 
    fun set(x: i32): unit
}
task TumblingWindowSum() ~i32 by i32 -> ~i32 by i32 {
    val agg: crate::Cell = crate::Cell(0);
    
    every 60 {
        emit agg.get() by 0;
        agg.set(0);
        
    };
    
    on event by key => agg.set(agg.get() + event);
    
}

