---
source: arc-script-test/compile/src/insta.rs
expression: s
input_file: arc-script-test/compile/src/tests/expect_pass/enums.arc

---
enum Foo {
    Bar(u32),
    Baz(f32)
}
fun main(): unit {
    val x_0: u32 = 200u32;
    val x_1: f32 = 2.0f32;
    val x_2: crate::Foo = enwrap[crate::Foo::Bar](x_0);
    val x_3: u32 = unwrap[crate::Foo::Bar](x_2);
    val x_4: crate::Foo = enwrap[crate::Foo::Baz](x_1);
    val x_5: bool = is[x_4](x_4);
    val x_6: unit = unit;
    x_6
}

