---
source: arc-script-test/compile/src/insta.rs
expression: s
input_file: arc-script-test/compile/src/tests/expect_mlir_fail_todo/task_count.arc

---
task Count() (~i32) -> (~i32) {
    state count_0: i32 = 0
    on {
        event_0: i32 => {
            count_0 = count_0 + 1;
            emit count_0
        }
    }
}

