---
source: arc-script-test/compile/src/insta.rs
expression: s
input_file: arc-script-test/compile/src/tests/expect_fail_todo/ops.arc

---
fun test() -> unit {
    1 == 2;
    1 != 2;
    1 > 2;
    1 < 2;
    1 >= 2;
    1 <= 2;
    1 + 2;
    1 - 2;
    1 * 2;
    1 / 2;
    true and false;
    true or false;
    not true;
    -1;
    1 ** 2;
    --1;
    (1, 2, 3).0;
    { a: 1, b: 2, c: 3 }.a;
    emit "foo";
    log "bar";
    unit
}

