---
source: arc-script-test/compile/src/insta.rs
expression: s
input_file: arc-script-test/compile/src/tests/expect_pass/ifs.arc

---
fun main(): unit {
    val x_0: unit = unit;
    x_0
}
fun test(): i32 {
    val x_1: i32 = 65;
    val x_2: i32 = 66;
    val x_3: bool = true;
    val x_4: i32 = if x_3 {
        x_1
    } else {
        x_2
    };
    x_4
}

