---
source: arc-script-test/compile/src/insta.rs
expression: s
input_file: arc-script-test/compile/src/tests/expect_pass/basic_pipe.arc

---
fun x_0(x_1: i32) -> i32 {
    x_1 + 1
}
fun x_2(x_3: i32) -> i32 {
    x_3 - 1
}
fun test1() -> i32 {
    let a_0: i32 = 3 in
    let b_0: fun(i32) -> i32 = crate::x_0 in
    let c_0: fun(i32) -> i32 = crate::x_2 in
    let d_0: i32 = c_0(b_0(a_0)) in
    d_0
}

