---
source: arc-script-test/compile/src/insta.rs
expression: s
input_file: arc-script-test/compile/src/tests/expect_pass/enums.arc

---
enum Foo {
    Bar(u32),
    Baz(f32)
}
fun main() -> unit {
    let a_0: u32 = 200u32 in
    let b_0: f32 = 2.0f32 in
    let c_0: crate::Foo = enwrap[crate::Foo::Bar](a_0) in
    let d_0: u32 = unwrap[crate::Foo::Bar](c_0) in
    let e_0: crate::Foo = enwrap[crate::Foo::Baz](b_0) in
    let f_0: bool = is[crate::Foo::Baz](e_0) in
    unit
}

