---
source: arc-script-test/compile/src/insta.rs
expression: s
input_file: arc-script-test/compile/src/tests/expect_mlir_fail_todo/task_map.arc

---
task Map(f_0: fun(i32) -> i32) ~{ val: i32, key: i32 } -> ~{ val: i32, key: i32 } {
    on {
        x_0: { key: i32, val: i32 } => {
            let event_0: i32 = x_0.val in
            let key_0: i32 = x_0.key in
            emit { val: f_0(event_0), key: key_0 }
        }
    }
}
fun x_1(x_2: i32) -> i32 {
    x_2 + 1
}
fun main(input_0: ~{ val: i32, key: i32 }) -> ~{ val: i32, key: i32 } {
    let output_0: ~{ val: i32, key: i32 } = crate::Map(crate::x_1)(input_0) in
    output_0
}

