---
source: arc-script-test/compile/src/insta.rs
expression: s
input_file: arc-script-test/compile/src/tests/expect_mlir_fail_todo/map_state.arc

---
task MapCount() (~i32) -> (~i32) {
    state c_0: {i32 => i32} = {}
    on {
        event_0: i32 => {
            c_0[event_0] = c_0[event_0] + 1;
            emit c_0[event_0]
        }
    }
}

