---
source: arc-script-test/compile/src/insta.rs
expression: s
input_file: arc-script-test/compile/src/tests/expect_pass/basic_by.arc

---
fun test(): i32 {
    val x_0: i32 = 1;
    val x_1: i32 = 2;
    val x_2: { key: i32, value: i32 } = { value: x_0, key: x_1 };
    val x_3: i32 = x_2.value;
    val x_4: i32 = x_2.key;
    val x_5: i32 = x_3 + x_4;
    x_5
}

