---
source: arc-script-test/compile/src/insta.rs
expression: s
input_file: arc-script-test/compile/src/tests/expect_pass/enum_pattern_nested.arc

---
enum Baz {
    Some(i32),
    None
}
enum Foo {
    Bar(crate::Baz),
    None
}
fun x_3() -> unit {
    unit
}
fun main() -> unit {
    let x_0: crate::Foo = enwrap[crate::Foo::Bar](enwrap[crate::Baz::Some](5)) in
    if is[crate::Foo::Bar](x_0) {
        let x_1: crate::Baz = unwrap[crate::Foo::Bar](x_0) in
        if is[crate::Baz::Some](x_1) {
            let x_2: i32 = unwrap[crate::Baz::Some](x_1) in
            unit
        } else {
            crate::x_3()
        }
    } else {
        crate::x_3()
    }
}

