---
source: arc-script-test/compile/src/insta.rs
expression: s
input_file: arc-script-test/compile/src/expect-pass/if.arc
---
fun test() -> i32 {
    let c0_0: bool = true in
    let c1_0: bool = false in
    let v_0: i32 = 3 in
    if c0_0 {
        if c1_0 {
            v_0
        } else {
            v_0
        }
    } else {
        if c1_0 {
            v_0
        } else {
            v_0
        }
    }
}

