---
source: arc-script-test/compile/src/insta.rs
expression: s
input_file: arc-script-test/compile/src/tests/expect_pass/basic_pipe.arc

---
module @toplevel {
    func @crate_x_0(%x_1: si32) -> si32 {
        %x_4 = arc.constant 1 : si32
        %x_5 = arc.addi %x_1, %x_4 : si32
        return %x_5 : si32
    }
    func @crate_x_2(%x_3: si32) -> si32 {
        %x_6 = arc.constant 1 : si32
        %x_7 = arc.subi %x_3, %x_6 : si32
        return %x_7 : si32
    }
    func @crate_test1() -> si32 {
        %x_8 = arc.constant 3 : si32
        %x_9 = constant crate_x_0 : (si32) -> si32
        %x_A = constant crate_x_2 : (si32) -> si32
        %x_B = call_indirect %x_9(%x_8) : (si32) -> si32
        %x_C = call_indirect %x_A(%x_B) : (si32) -> si32
        return %x_C : si32
    }
}

