---
source: arc-script-test/compile/src/insta.rs
expression: s
input_file: arc-script-test/compile/src/tests/expect_pass/basic_by.arc

---
module @toplevel {
    func @crate_test() -> si32 {
        %x_0 = arc.constant 1 : si32
        %x_1 = arc.constant 2 : si32
        %x_2 = arc.make_struct(%x_1, %x_0 : si32, si32) : !arc.struct<key: si32, value: si32>
        %x_3 = "arc.struct_access"(%x_2) { field = "value" } : (!arc.struct<key: si32, value: si32>) -> si32
        %x_4 = "arc.struct_access"(%x_2) { field = "key" } : (!arc.struct<key: si32, value: si32>) -> si32
        %x_5 = arc.addi %x_3, %x_4 : si32
        return %x_5 : si32
    }
}

