---
source: arc-script-test/compile/src/insta.rs
expression: s
input_file: arc-script-test/compile/src/tests/expect_pass/enum_pattern_nested.arc

---
module @toplevel {
    func @crate_x_3() -> () {
        return 
    }
    func @crate_main() -> () {
        %x_5 = arc.constant 5 : si32
        %x_6 = "arc.enwrap"%x_5 { variant = crate_Baz_Some } : si32 -> crate_Baz
        %x_7 = "arc.enwrap"%x_6 { variant = crate_Foo_Bar } : crate_Baz -> crate_Foo
        %x_8 = "arc.is"%x_7 { variant = crate_Foo_Bar } : crate_Foo -> i1
        return 
    }
}

