---
source: arc-script-test/compile/src/insta.rs
expression: s
input_file: arc-script-test/compile/src/tests/expect_pass/enums.arc

---
module @toplevel {
    !arc.enum<crate_Foo_Bar : ui32, crate_Foo_Baz : f32>
    func @crate_main() -> none {
        %x_0 = arc.constant 200 : ui32
        %x_1 = constant 2.0 : f32
        %x_2 = arc.make_enum (%x_0 : ui32) as "crate_Foo_Bar" :  !arc.enum<crate_Foo_Bar : ui32, crate_Foo_Baz : f32>
        %x_3 = arc.enum_access "crate_Foo_Bar" in (%x_2 : !arc.enum<crate_Foo_Bar : ui32, crate_Foo_Baz : f32>) :  ui32
        %x_4 = arc.make_enum (%x_1 : f32) as "crate_Foo_Baz" :  !arc.enum<crate_Foo_Bar : ui32, crate_Foo_Baz : f32>
        %x_5 = arc.enum_check (%x_4 : !arc.enum<crate_Foo_Bar : ui32, crate_Foo_Baz : f32>) is "crate_Foo_Baz" :  i1
        %x_6 = none none
        "arc.block.result"(%x_6) : (none) -> ()
    }
}

