---
source: arc-script-test/compile/src/insta.rs
expression: s
input_file: arc-script-test/compile/src/tests/expect_pass/basic_pipe.arc

---
module @toplevel {
    func @crate_x_1(%x_2: si32) -> si32 {
        %x_3 = arc.constant 1 : si32
        %x_4 = arc.addi %x_2, %x_3 : si32
        "arc.block.result"(%x_4) : (si32) -> ()
    }
    func @crate_x_6(%x_7: si32) -> si32 {
        %x_8 = arc.constant 1 : si32
        %x_9 = arc.subi %x_7, %x_8 : si32
        "arc.block.result"(%x_9) : (si32) -> ()
    }
    func @crate_test() -> si32 {
        %x_0 = arc.constant 3 : si32
        %x_5 = constant @crate_x_1 : (si32) -> si32
        %x_A = constant @crate_x_6 : (si32) -> si32
        %x_B = call_indirect %x_5(%x_0) : (si32) -> si32
        %x_C = call_indirect %x_A(%x_B) : (si32) -> si32
        "arc.block.result"(%x_C) : (si32) -> ()
    }
}

