---
source: arc-script-test/compile/src/insta.rs
expression: s
input_file: arc-script-test/compile/src/tests/expect_pass/enum_pattern.arc

---
module @toplevel {
    
    func @crate_x_2() -> () {
        return 
    }
    func @crate_main() -> () {
        %x_4 = arc.constant 5 : si32
        %x_5 = arc.make_enum (%x_4 : si32) as "crate_Opt_Some" :  !arc.enum<crate_Opt_Some : si32, crate_Opt_None : ()>
        %x_6 = arc.enum_check (%x_5 : !arc.enum<crate_Opt_Some : si32, crate_Opt_None : ()>) is "crate_Opt_Some" :  i1
        return 
    }
}

