---
source: arc-script-test/compile/src/insta.rs
expression: s
input_file: arc-script-test/compile/src/tests/expect_pass/unit_enum.arc

---
#[allow(non_snake_case)]
#[allow(unused_must_use)]
#[allow(dead_code)]
#[allow(unused_variables)]
#[allow(unused_imports)]
#[allow(unused_braces)]
#[allow(irrefutable_let_patterns)]
#[allow(clippy::redundant_field_names)]
#[allow(clippy::unused_unit)]
#[allow(clippy::double_parens)]
pub mod arc_script_output {
    use super::*;
    use arc_script::arcorn;
    use arc_script::arcorn::*;
    #[arcorn::rewrite]
    pub enum Foo {
        Foo_Bar(Unit),
    }
    pub fn x_5() -> Unit {
        let x_4: Unit = ();
        arcorn::val!(x_4)
    }
    pub fn test() -> Unit {
        let x_0: Unit = ();
        let x_1: Foo = arcorn::enwrap!(Foo_Bar, arcorn::val!(x_0));
        let x_2: bool = arcorn::is!(Foo_Bar, arcorn::val!(x_1));
        let x_8: Unit = if arcorn::val!(x_2) {
            let x_3: Unit = arcorn::unwrap!(Foo_Bar, arcorn::val!(x_1));
            arcorn::val!(x_3)
        } else {
            let x_6: Box<dyn arcorn::ArcornFn() -> Unit> =
                Box::new(x_5) as Box<dyn arcorn::ArcornFn() -> Unit>;
            let x_7: Unit = arcorn::val!(x_6)();
            arcorn::val!(x_7)
        };
        arcorn::val!(x_8)
    }
}
pub use arc_script_output::*;


