---
source: arc-script-test/compile/src/insta.rs
expression: s
input_file: arc-script-test/compile/src/tests/expect_pass/enum_pattern.arc

---
#[allow(non_snake_case)]
#[allow(unused_must_use)]
#[allow(dead_code)]
#[allow(unused_variables)]
#[allow(unused_imports)]
#[allow(unused_braces)]
#[allow(irrefutable_let_patterns)]
#[allow(clippy::redundant_field_names)]
#[allow(clippy::unused_unit)]
#[allow(clippy::double_parens)]
pub mod arc_script_output {
    use super::*;
    use arc_script::arcorn;
    use arc_script::arcorn::*;
    #[arcorn::rewrite]
    pub enum Opt {
        Opt_Some(i32),
        Opt_None(Unit),
    }
    pub fn x_6() -> Unit {
        let x_5: Unit = ();
        arcorn::val!(x_5)
    }
    pub fn main() -> Unit {
        let x_0: i32 = 5i32;
        let x_1: Opt = arcorn::enwrap!(Opt_Some, arcorn::val!(x_0));
        let x_2: bool = arcorn::is!(Opt_Some, arcorn::val!(x_1));
        let x_9: Unit = if arcorn::val!(x_2) {
            let x_3: i32 = arcorn::unwrap!(Opt_Some, arcorn::val!(x_1));
            let x_4: Unit = ();
            arcorn::val!(x_4)
        } else {
            let x_7: Box<dyn arcorn::ArcornFn() -> Unit> =
                Box::new(x_6) as Box<dyn arcorn::ArcornFn() -> Unit>;
            let x_8: Unit = arcorn::val!(x_7)();
            arcorn::val!(x_8)
        };
        arcorn::val!(x_9)
    }
}
pub use arc_script_output::*;


