---
source: arc-script-test/compile/src/insta.rs
expression: s
input_file: arc-script-test/compile/src/tests/expect_mlir_fail_todo/task_map.arc

---
use arc_script::arcorn;
use arc_script::arcorn::state::{ArcMapOps, ArcRefOps, ArcSetOps, ArcVecOps};
use arcon::prelude::*;
pub struct Map<'i, 'source, 'timer, 'channel, B: Backend, C: ComponentDefinition> {
    pub data: &'i mut MapData,
    pub ctx: &'i mut OperatorContext<'source, 'timer, 'channel, MapData, B, C>,
    pub timestamp: Option<u64>,
}
pub struct MapData {
    pub state: MapState,
    pub f_0: fn(i32) -> i32,
}
#[derive(ArconState)]
pub struct MapState {}
impl StateConstructor for MapState {
    type BackendType = arcon::prelude::Sled;
    fn new(backend: Arc<Self::BackendType>) -> Self {
        Self {}
    }
}
impl MapData {
    fn new(f_0: fn(i32) -> i32) -> OperatorBuilder<MapData> {
        OperatorBuilder {
            constructor: Arc::new(move |backend| MapData {
                state: MapState {},
                f_0,
            }),
            conf: Default::default(),
        }
    }
}
impl Operator for MapData {
    type IN = Struct5valuei32End;
    type OUT = Struct5valuei32End;
    type TimerState = ArconNever;
    type OperatorState = MapState;
    fn handle_element(
        &mut self,
        elem: ArconElement<Self::IN>,
        ref mut ctx: OperatorContext<Self, impl Backend, impl ComponentDefinition>,
    ) -> OperatorResult<()> {
        let ArconElement { timestamp, data } = elem;
        let event = data.value;
        let mut task = Map {
            data: self,
            ctx,
            timestamp,
        };
        task.handle(event);
        Ok(())
    }
    fn state(&mut self) -> &mut Self::OperatorState {
        &mut self.state
    }
    arcon::ignore_timeout!();
    arcon::ignore_persist!();
}
impl<'i, 'source, 'timer, 'channel, B: Backend, C: ComponentDefinition>
    Map<'i, 'source, 'timer, 'channel, B, C>
{
    fn handle(&mut self, event_0: i32) -> OperatorResult<()> {
        {
            let y_1_0 = self.data.f_0;
            let y_1_1 = y_1_0(event_0);
            self.emit(y_1_1)
        };
        Ok(())
    }
    fn emit(&mut self, event_0: i32) {
        let data = Struct5valuei32End { value: event_0 };
        let elem = ArconElement {
            data,
            timestamp: self.timestamp,
        };
        self.ctx.output(elem);
    }
}
pub fn x_0(x_1: i32) -> i32 {
    let y_1_0 = 1i32;
    let y_1_1 = x_1 + y_1_0;
    y_1_1
}
pub fn main(input_0: Stream<Struct5valuei32End>) -> Stream<Struct5valuei32End> {
    let y_1_0 = MapData::new(x_0);
    let y_1_1 = Stream::operator(input_0, y_1_0);
    y_1_1
}
#[arcorn::rewrite]
#[derive(Copy)]
pub struct Struct5valuei32End {
    value: i32,
}


