---
source: arc-script-test/compile/src/insta.rs
expression: s
input_file: arc-script-test/compile/src/tests/expect_mlir_fail_todo/task_map.arc

---
#[allow(non_snake_case)]
#[allow(unused_must_use)]
#[allow(dead_code)]
#[allow(unused_variables)]
#[allow(unused_imports)]
#[allow(unused_braces)]
#[allow(irrefutable_let_patterns)]
#[allow(clippy::redundant_field_names)]
#[allow(clippy::unused_unit)]
#[allow(clippy::double_parens)]
pub mod arc_script_output {
    use super::*;
    use arc_script::arcorn;
    #[arcorn::rewrite(on_event = "Map_on_event", on_start = "Map_on_start")]
    mod Map_mod {
        struct Map {
            f_0: Box<dyn arcorn::ArcornFn(i32) -> i32>,
        }
        #[arcorn::rewrite]
        pub enum Map_IInterface {
            Map_IInterface___(Struct3keyi325valuei32End),
        }
        #[arcorn::rewrite]
        pub enum Map_OInterface {
            Map_OInterface___(Struct3keyi325valuei32End),
        }
    }
    impl Map_mod::Map {
        pub fn Map_on_event(&mut self, x_3: Map_IInterface) -> () {
            let x_0: Struct3keyi325valuei32End = arcorn::unwrap!(Map_IInterface___, (x_3.clone()));
            let x_1: i32 = (x_0.clone()).value;
            let x_2: i32 = (x_0.clone()).key;
            let x_4: i32 = ((self.f_0).clone())((x_1.clone()));
            let x_5: Struct3keyi325valuei32End = Struct3keyi325valuei32End {
                value: (x_4.clone()),
                key: (x_2.clone()),
            };
            let x_6: Map_OInterface = arcorn::enwrap!(Map_OInterface___, (x_5.clone()));
            let x_7: () = self.emit((x_6.clone()));
            (x_7.clone())
        }
        pub fn Map_on_start(&mut self) -> () {
            let x_9: () = ();
            (x_9.clone())
        }
    }
    pub fn x_B(x_C: i32) -> i32 {
        let x_D: i32 = 1i32;
        let x_E: i32 = (x_C.clone()) + (x_D.clone());
        (x_E.clone())
    }
    pub fn main(
        input_0: arcorn::Stream<Struct3keyi325valuei32End>,
    ) -> arcorn::Stream<Struct3keyi325valuei32End> {
        let x_A: Box<
            dyn arcorn::ArcornFn(
                Box<dyn arcorn::ArcornFn(i32) -> i32>,
            ) -> Box<
                dyn arcorn::ArcornFn(
                    arcorn::Stream<Struct3keyi325valuei32End>,
                ) -> arcorn::Stream<Struct3keyi325valuei32End>,
            >,
        > = Box::new(Map)
            as Box<
                dyn arcorn::ArcornFn(
                    Box<dyn arcorn::ArcornFn(i32) -> i32>,
                ) -> Box<
                    dyn arcorn::ArcornFn(
                        arcorn::Stream<Struct3keyi325valuei32End>,
                    )
                        -> arcorn::Stream<Struct3keyi325valuei32End>,
                >,
            >;
        let x_F: Box<dyn arcorn::ArcornFn(i32) -> i32> =
            Box::new(x_B) as Box<dyn arcorn::ArcornFn(i32) -> i32>;
        let x_G: Box<
            dyn arcorn::ArcornFn(
                arcorn::Stream<Struct3keyi325valuei32End>,
            ) -> arcorn::Stream<Struct3keyi325valuei32End>,
        > = (x_A.clone())((x_F.clone()));
        let x_H: arcorn::Stream<Struct3keyi325valuei32End> = (x_G.clone())((input_0.clone()));
        (x_H.clone())
    }
    #[arcorn::rewrite]
    pub struct Struct3keyi325valuei32End {
        key: i32,
        value: i32,
    }
}
pub use arc_script_output::*;


