---
source: arc-script-test/compile/src/insta.rs
expression: s
input_file: arc-script-test/compile/src/expect-pass/enum-pattern.arc
---
use arc_script::arcorn;
use arcon::prelude::*;
#[arcorn::rewrite]
pub enum Opt {
    Opt_Some(i32),
    Opt_None(()),
}
pub fn x_3() -> () {
    ()
}
pub fn main() -> () {
    let x_0: Opt = arcorn::enwrap!(Opt_Some, 5i32);
    if arcorn::is!(Opt_Some, x_0) {
        let x_2: i32 = arcorn::unwrap!(Opt_Some, x_0);
        ()
    } else {
        x_3()
    }
}


