---
source: arc-script-test/compile/src/insta.rs
expression: s
input_file: arc-script-test/compile/src/tests/expect_pass/basic_pipe.arc

---
#[allow(non_snake_case)]
#[allow(unused_must_use)]
#[allow(dead_code)]
#[allow(unused_variables)]
#[allow(unused_imports)]
#[allow(unused_braces)]
#[allow(irrefutable_let_patterns)]
#[allow(clippy::redundant_field_names)]
#[allow(clippy::unused_unit)]
#[allow(clippy::double_parens)]
pub mod arc_script_output {
    use super::*;
    use arc_script::arcorn;
    pub fn x_1(x_2: i32) -> i32 {
        let x_3: i32 = 1i32;
        let x_4: i32 = (x_2.clone()) + (x_3.clone());
        (x_4.clone())
    }
    pub fn x_6(x_7: i32) -> i32 {
        let x_8: i32 = 1i32;
        let x_9: i32 = (x_7.clone()) - (x_8.clone());
        (x_9.clone())
    }
    pub fn test() -> i32 {
        let x_0: i32 = 3i32;
        let x_5: Box<dyn arcorn::ArcornFn(i32) -> i32> =
            Box::new(x_1) as Box<dyn arcorn::ArcornFn(i32) -> i32>;
        let x_A: Box<dyn arcorn::ArcornFn(i32) -> i32> =
            Box::new(x_6) as Box<dyn arcorn::ArcornFn(i32) -> i32>;
        let x_B: i32 = (x_5.clone())((x_0.clone()));
        let x_C: i32 = (x_A.clone())((x_B.clone()));
        (x_C.clone())
    }
}
pub use arc_script_output::*;


