---
source: arc-script-test/compile/src/insta.rs
expression: s
input_file: arc-script-test/compile/src/tests/expect_mlir_fail_todo/task_with_funs.arc

---
#[allow(non_snake_case)]
#[allow(unused_must_use)]
#[allow(dead_code)]
#[allow(unused_variables)]
#[allow(unused_imports)]
#[allow(unused_braces)]
pub mod defs {
    use super::*;
    pub use arc_script::arcorn;
    pub use arc_script::arcorn::state::{ArcMapOps, ArcRefOps, ArcSetOps, ArcVecOps};
    pub use arcon::prelude::*;
    pub struct Test<'i, 'source, 'timer, 'channel, B: Backend, C: ComponentDefinition> {
        pub data: &'i mut TestData,
        pub ctx: &'i mut OperatorContext<'source, 'timer, 'channel, TestData, B, C>,
        pub timestamp: Option<u64>,
        pub key: u64,
    }
    pub struct TestData {
        pub state: TestState,
        pub x_0: i32,
    }
    #[derive(ArconState)]
    pub struct TestState {}
    impl StateConstructor for TestState {
        type BackendType = Sled;
        fn new(backend: Arc<Self::BackendType>) -> Self {
            Self {}
        }
    }
    impl TestData {
        fn new(x_0: i32) -> OperatorBuilder<TestData> {
            OperatorBuilder {
                constructor: Arc::new(move |backend| TestData {
                    state: TestState {},
                    x_0,
                }),
                conf: Default::default(),
            }
        }
    }
    impl Operator for TestData {
        type IN = Struct3keyi323vali32End;
        type OUT = Struct3keyi323vali32End;
        type TimerState = ArconNever;
        type OperatorState = TestState;
        fn handle_element(
            &mut self,
            element: ArconElement<Self::IN>,
            ref mut ctx: OperatorContext<Self, impl Backend, impl ComponentDefinition>,
        ) -> OperatorResult<()> {
            let ArconElement { timestamp, data } = element;
            let mut task = Test {
                data: self,
                ctx,
                timestamp,
                key: data.get_key(),
            };
            task.handle_element(data);
            Ok(())
        }
        fn state(&mut self) -> &mut Self::OperatorState {
            &mut self.state
        }
        fn handle_timeout(
            &mut self,
            timeout: Self::TimerState,
            ref mut ctx: OperatorContext<Self, impl Backend, impl ComponentDefinition>,
        ) -> OperatorResult<()> {
            Ok(())
        }
        fn persist(&mut self) -> OperatorResult<()> {
            self.state.persist();
            Ok(())
        }
    }
    impl<'i, 'source, 'timer, 'channel, B: Backend, C: ComponentDefinition>
        Test<'i, 'source, 'timer, 'channel, B, C>
    {
        fn handle_element(&mut self, x_1: Struct3keyi323vali32End) -> OperatorResult<()> {
            {
                let y_1_0 = x_1.val;
                let y_1_1 = x_1.key;
                let y_1_2 = self.Test_addx(y_1_0);
                let y_1_3 = Struct3keyi323vali32End {
                    val: y_1_2,
                    key: y_1_1,
                };
                self.emit(y_1_3)
            };
            Ok(())
        }
        fn emit(&mut self, data: Struct3keyi323vali32End) {
            let element = ArconElement {
                data,
                timestamp: self.timestamp,
            };
            self.ctx.output(element);
        }
        pub fn Test_addx(&mut self, y_0: i32) -> i32 {
            let y_1_0 = self.data.x_0;
            let y_1_1 = y_1_0 + y_0;
            y_1_1
        }
    }
    #[arcorn::rewrite]
    #[derive(Copy)]
    pub struct Struct3keyi323vali32End {
        key: i32,
        val: i32,
    }
}
pub use defs::*;


