---
source: arc-script-test/compile/src/insta.rs
expression: s
input_file: arc-script-test/compile/src/tests/expect_mlir_fail_todo/task_count.arc

---
#[allow(non_snake_case)]
#[allow(unused_must_use)]
#[allow(dead_code)]
#[allow(unused_variables)]
#[allow(unused_imports)]
#[allow(unused_braces)]
#[allow(irrefutable_let_patterns)]
#[allow(clippy::redundant_field_names)]
#[allow(clippy::unused_unit)]
#[allow(clippy::double_parens)]
pub mod arc_script_output {
    use super::Cell;
    use super::*;
    use arc_script::arcorn;
    #[arcorn::rewrite(on_event = "Count_on_event", on_start = "Count_on_start")]
    mod Count_mod {
        struct Count {
            count_0: Cell,
        }
        #[arcorn::rewrite]
        pub enum Count_IInterface {
            Count_IInterface___(Struct3keyi325valuei32End),
        }
        #[arcorn::rewrite]
        pub enum Count_OInterface {
            Count_OInterface___(Struct3keyi325valuei32End),
        }
    }
    impl Count_mod::Count {
        pub fn Count_on_event(&mut self, x_7: Count_IInterface) -> () {
            let x_4: Struct3keyi325valuei32End =
                arcorn::unwrap!(Count_IInterface___, (x_7.clone()));
            let x_5: i32 = (x_4.clone()).value;
            let x_6: i32 = (x_4.clone()).key;
            let x_8: i32 = ((self.count_0).clone()).get();
            let x_9: i32 = 1i32;
            let x_A: i32 = (x_8.clone()) + (x_9.clone());
            let x_B: () = ((self.count_0).clone()).set((x_A.clone()));
            let x_C: i32 = ((self.count_0).clone()).get();
            let x_D: Struct3keyi325valuei32End = Struct3keyi325valuei32End {
                value: (x_C.clone()),
                key: (x_6.clone()),
            };
            let x_E: Count_OInterface = arcorn::enwrap!(Count_OInterface___, (x_D.clone()));
            let x_F: () = self.emit((x_E.clone()));
            (x_F.clone())
        }
        pub fn Count_on_start(&mut self) -> () {
            let x_0: Box<dyn arcorn::ArcornFn(i32) -> Cell> =
                Box::new(Cell::new) as Box<dyn arcorn::ArcornFn(i32) -> Cell>;
            let x_1: i32 = 0i32;
            let x_2: Cell = (x_0.clone())((x_1.clone()));
            let x_3: () = (self.count_0).initialise((x_2.clone()));
            let x_H: () = ();
            (x_H.clone())
        }
    }
    #[arcorn::rewrite]
    pub struct Struct3keyi325valuei32End {
        key: i32,
        value: i32,
    }
}
pub use arc_script_output::*;


