---
source: arc-script-test/compile/src/insta.rs
expression: s
input_file: arc-script-test/compile/src/tests/expect_mlir_fail_todo/pipe.arc

---
#[allow(non_snake_case)]
#[allow(unused_must_use)]
#[allow(dead_code)]
#[allow(unused_variables)]
#[allow(unused_imports)]
#[allow(unused_braces)]
#[allow(irrefutable_let_patterns)]
#[allow(clippy::redundant_field_names)]
#[allow(clippy::unused_unit)]
#[allow(clippy::double_parens)]
pub mod arc_script_output {
    use super::*;
    use arc_script::arcorn;
    use arc_script::arcorn::*;
    pub fn foo(x_0: i32) -> i32 {
        let x_1: i32 = arcorn::val!(x_0) + arcorn::val!(x_0);
        arcorn::val!(x_1)
    }
    pub fn bar(x_2: i32) -> i32 {
        let x_3: Box<dyn arcorn::ArcornFn(i32) -> i32> =
            Box::new(foo) as Box<dyn arcorn::ArcornFn(i32) -> i32>;
        let x_4: Box<dyn arcorn::ArcornFn(i32) -> i32> =
            Box::new(foo) as Box<dyn arcorn::ArcornFn(i32) -> i32>;
        let x_5: i32 = arcorn::val!(x_4)(arcorn::val!(x_2));
        let x_6: i32 = arcorn::val!(x_3)(arcorn::val!(x_5));
        arcorn::val!(x_6)
    }
    #[arcorn::rewrite(on_event = "Baz_on_event", on_start = "Baz_on_start")]
    mod Baz_mod {
        struct Baz {}
        #[arcorn::rewrite]
        pub enum Baz_IInterface {
            Baz_IInterface___(Struct3keyi325valuei32End),
        }
        #[arcorn::rewrite]
        pub enum Baz_OInterface {
            Baz_OInterface___(Struct3keyi325valuei32End),
        }
    }
    impl Baz_mod::Baz {
        pub fn Baz_on_event(&mut self, x_A: Baz_IInterface) -> Unit {
            let x_7: Struct3keyi325valuei32End =
                arcorn::unwrap!(Baz_IInterface___, arcorn::val!(x_A));
            let x_8: i32 = arcorn::access!(arcorn::val!(x_7), value);
            let x_9: i32 = arcorn::access!(arcorn::val!(x_7), key);
            let x_B: Struct3keyi325valuei32End =
                arc_script::arcorn::new!(Struct3keyi325valuei32End {
                    value: arcorn::val!(x_8),
                    key: arcorn::val!(x_9)
                });
            let x_C: Baz_OInterface = arcorn::enwrap!(Baz_OInterface___, arcorn::val!(x_B));
            let x_D: Unit = self.emit(arcorn::val!(x_C));
            arcorn::val!(x_D)
        }
        pub fn Baz_on_start(&mut self) -> Unit {
            let x_F: Unit = ();
            arcorn::val!(x_F)
        }
    }
    pub fn qux(
        s_0: arcorn::Stream<<Struct3keyi325valuei32End as arc_script::arcorn::Convert>::T>,
    ) -> arcorn::Stream<<Struct3keyi325valuei32End as arc_script::arcorn::Convert>::T> {
        let x_G: Box<
            dyn arcorn::ArcornFn() -> Box<
                dyn arcorn::ArcornFn(
                    arcorn::Stream<<Struct3keyi325valuei32End as arc_script::arcorn::Convert>::T>,
                ) -> arcorn::Stream<
                    <Struct3keyi325valuei32End as arc_script::arcorn::Convert>::T,
                >,
            >,
        > = Box::new(Baz)
            as Box<
                dyn arcorn::ArcornFn() -> Box<
                    dyn arcorn::ArcornFn(
                        arcorn::Stream<
                            <Struct3keyi325valuei32End as arc_script::arcorn::Convert>::T,
                        >,
                    ) -> arcorn::Stream<
                        <Struct3keyi325valuei32End as arc_script::arcorn::Convert>::T,
                    >,
                >,
            >;
        let x_H: Box<
            dyn arcorn::ArcornFn(
                arcorn::Stream<<Struct3keyi325valuei32End as arc_script::arcorn::Convert>::T>,
            ) -> arcorn::Stream<
                <Struct3keyi325valuei32End as arc_script::arcorn::Convert>::T,
            >,
        > = arcorn::val!(x_G)();
        let x_I: Box<
            dyn arcorn::ArcornFn() -> Box<
                dyn arcorn::ArcornFn(
                    arcorn::Stream<<Struct3keyi325valuei32End as arc_script::arcorn::Convert>::T>,
                ) -> arcorn::Stream<
                    <Struct3keyi325valuei32End as arc_script::arcorn::Convert>::T,
                >,
            >,
        > = Box::new(Baz)
            as Box<
                dyn arcorn::ArcornFn() -> Box<
                    dyn arcorn::ArcornFn(
                        arcorn::Stream<
                            <Struct3keyi325valuei32End as arc_script::arcorn::Convert>::T,
                        >,
                    ) -> arcorn::Stream<
                        <Struct3keyi325valuei32End as arc_script::arcorn::Convert>::T,
                    >,
                >,
            >;
        let x_J: Box<
            dyn arcorn::ArcornFn(
                arcorn::Stream<<Struct3keyi325valuei32End as arc_script::arcorn::Convert>::T>,
            ) -> arcorn::Stream<
                <Struct3keyi325valuei32End as arc_script::arcorn::Convert>::T,
            >,
        > = arcorn::val!(x_I)();
        let x_K: arcorn::Stream<<Struct3keyi325valuei32End as arc_script::arcorn::Convert>::T> =
            arcorn::val!(x_J)(arcorn::val!(s_0));
        let x_L: arcorn::Stream<<Struct3keyi325valuei32End as arc_script::arcorn::Convert>::T> =
            arcorn::val!(x_H)(arcorn::val!(x_K));
        arcorn::val!(x_L)
    }
    #[arcorn::rewrite]
    pub struct Struct3keyi325valuei32End {
        key: i32,
        value: i32,
    }
}
pub use arc_script_output::*;


